// Jest Snapshot v1, https://goo.gl/fbAQLP

exports[`coreBlockPlugin headings creates a heading after typing some hashes and a space 1`] = `
Object {
  "content": Immutable.Record {
    "entityMap": Object {},
    "blockMap": Immutable.OrderedMap {
      "0": Immutable.Record {
        "key": "0",
        "type": "header-one",
        "text": "# ",
        "characterList": Immutable.List [
          Immutable.Record {
            "style": Immutable.OrderedSet [
              "core.block.decorator",
            ],
            "entity": null,
          },
          Immutable.Record {
            "style": Immutable.OrderedSet [],
            "entity": null,
          },
        ],
        "depth": 0,
        "data": Immutable.Map {},
      },
    },
    "selectionBefore": Immutable.Record {
      "anchorKey": "0",
      "anchorOffset": 0,
      "focusKey": "0",
      "focusOffset": 0,
      "isBackward": false,
      "hasFocus": false,
    },
    "selectionAfter": Immutable.Record {
      "anchorKey": "0",
      "anchorOffset": 0,
      "focusKey": "0",
      "focusOffset": 0,
      "isBackward": false,
      "hasFocus": false,
    },
  },
  "selection": Immutable.Record {
    "anchorKey": "0",
    "anchorOffset": 2,
    "focusKey": "0",
    "focusOffset": 2,
    "isBackward": false,
    "hasFocus": true,
  },
}
`;
